Unity Editor version:    6000.5.9f1 (b57deb96f08d)
Branch:                  6000.5/staging
Build type:              Release
Batch mode:              YES
macOS version:           Version 15.7 (Build 24G222)
Darwin version:          24.6.0
Architecture:            arm64
Running under Rosetta:   NO
Available memory:        8192 MB
Date:                    2026-09-11T12:24:07Z
[Licensing::Module] Trying to connect to existing licensing client channel...
[Licensing::IpcConnector] Channel LicenseClient-prashant doesn't exist
Launching external process: /Applications/Unity/Hub/Editor/6000.5.9f1/Unity.app/Contents/Helpers/UnityLicensingClient.app/Contents/MacOS/Unity.Licensing.Client
[Licensing::Module] Successfully launched the LicensingClient (PId: 24147)
Launching external process: /Applications/Unity/Hub/Editor/6000.5.9f1/Unity.app/Contents/Helpers/PackageManager/Server/UnityPackageManager

COMMAND LINE ARGUMENTS:
/Applications/Unity/Hub/Editor/6000.5.9f1/Unity.app/Contents/MacOS/Unity
-batchmode
-quit
-projectPath
/Users/prashant/StudioProjects/EmberlineUnity
-executeMethod
SetupGradle.DoIt
-logFile
resolve2.log
Successfully changed project path to: /Users/prashant/StudioProjects/EmberlineUnity
/Users/prashant/StudioProjects/EmberlineUnity
[UnityMemory] Configuration Parameters - Can be set up in boot.config
    "memorysetup-temp-allocator-size-gi-baking-worker=262144"
    "memorysetup-temp-allocator-size-gi-baking-worker=262144"
    "memorysetup-temp-allocator-size-gi-baking-worker=262144"
    "memorysetup-temp-allocator-size-gi-baking-worker=262144"
    "memorysetup-temp-allocator-size-gi-baking-worker=262144"
    "memorysetup-temp-allocator-size-nav-mesh-worker=65536"
    "memorysetup-temp-allocator-size-audio-worker=65536"
    "memorysetup-temp-allocator-size-cloud-worker=32768"
    "memorysetup-allocator-temp-initial-block-size-main=262144"
    "memorysetup-allocator-temp-initial-block-size-worker=262144"
    "memorysetup-temp-allocator-size-preload-manager=33554432"
    "memorysetup-remapper-allocator-initial-capacity=32768"
    "memorysetup-temp-allocator-size-gfx=262144"
    "memorysetup-temp-allocator-size-background-worker=32768"
    "memorysetup-temp-allocator-size-job-worker=262144"
    "memorysetup-bucket-allocator-granularity=16"
    "memorysetup-bucket-allocator-bucket-count=8"
    "memorysetup-bucket-allocator-block-size=33554432"
    "memorysetup-bucket-allocator-block-count=8"
    "memorysetup-main-allocator-block-size=16777216"
    "memorysetup-thread-allocator-block-size=16777216"
    "memorysetup-main-allocator-mimalloc-enabled=0"
    "memorysetup-gfx-main-allocator-block-size=16777216"
    "memorysetup-gfx-thread-allocator-block-size=16777216"
    "memorysetup-cache-allocator-block-size=4194304"
    "memorysetup-typetree-allocator-block-size=2097152"
    "memorysetup-profiler-bucket-allocator-granularity=16"
    "memorysetup-profiler-bucket-allocator-bucket-count=8"
    "memorysetup-profiler-bucket-allocator-block-size=33554432"
    "memorysetup-profiler-bucket-allocator-block-count=8"
    "memorysetup-profiler-allocator-block-size=16777216"
    "memorysetup-profiler-editor-allocator-block-size=1048576"
    "memorysetup-temp-allocator-size-main=16777216"
    "memorysetup-job-temp-allocator-block-size=2097152"
    "memorysetup-job-temp-allocator-block-size-background=1048576"
    "memorysetup-job-temp-allocator-reduction-small-platforms=262144"
Logging is directed to a specific file, skipping project log.Player connection [8343642432]  Target information:

Player connection [8343642432]  * "[IP] 172.20.10.8 [Port] 55504 [Flags] 2 [Guid] 2884688727 [EditorId] 2884688727 [Version] 1048832 [Id] OSXEditor(0,Prashants-MacBook-Pro.local) [Debug] 1 [PackageName] OSXEditor [ProjectName] Editor" 

Player connection [8343642432] Host joined multi-casting on [225.0.0.222:54997]...
Player connection [8343642432] Host joined alternative multi-casting on [225.0.0.222:34997]...
Input System module state changed to: Initialized.
[Physics::Module] Initialized fallback backend.
[Physics::Module] Id: 0xdecafbad
[Licensing::IpcConnector] Successfully connected to: "LicenseClient-prashant" at "2026-09-11T12:24:07.463679Z"
[Package Manager] Connected to IPC stream "Upm-24146" after 0.2 seconds.
[Licensing::Module] Licensing is not yet initialized.
[Licensing::Client] Handshaking with LicensingClient:
  Version:                 1.18.3+d7ffd15
  Session Id:              fe49ce082fab470abcdc941c56b20bf0
  Correlation Id:          de8701c25010658fd3c6737f5b151b1a
  External correlation Id: 5285926769248695945
  Machine Id:              VYyaWIPPCU6ZlvKh+klI+d/f748=
[Licensing::Module] Successfully connected to LicensingClient on channel: "LicenseClient-prashant" (connect: 0.17s, validation: 0.02s, handshake: 0.23s)
[Licensing::IpcConnector] Successfully connected to: "LicenseClient-prashant-notifications" at "2026-09-11T12:24:07.709295Z"
[Licensing::Module] Connected to LicensingClient (PId: 24147, launch time: 0.00, total connection time: 0.41s)
[Licensing::Module] Error: Access token is unavailable; failed to update
[Licensing::Client] Successfully resolved entitlement details
[Licensing::Module] License group:
  Id: 13469303303375-UnityPersXXXX
  Product: Unity Personal
  Type: Assigned
  Expiration: Unlimited
[Licensing::Client] Successfully updated license, isAsync: True, time: 0.00
[Licensing::Client] Successfully resolved entitlement details
[Licensing::Module] Licensing Background thread has ended after 0.42s
[Licensing::Module] Licensing is initialized (took 0.16s).
[Licensing::Client] Successfully resolved entitlement details
Library Redirect Path: Library/
[Physics::Module] Selected backend.
[Physics::Module] Name: PhysX
[Physics::Module] Id: 0xf2b8ea05
[Physics::Module] SDK Version: 4.1.2
[Physics::Module] Integration Version: 1.0.0
[Physics::Module] Threading Mode: Multi-Threaded
[Licensing::Client] Successfully resolved entitlement details
Refreshing native plugins compatible for Editor in 6.49 ms, found 2 plugins.
Initialize engine version: 6000.5.9f1 (b57deb96f08d)
[Subsystems] Discovering subsystems at path /Applications/Unity/Hub/Editor/6000.5.9f1/Unity.app/Contents/Resources/UnitySubsystems
[Subsystems] Discovering subsystems at path /Users/prashant/StudioProjects/EmberlineUnity/Assets
GfxDevice: creating device client; kGfxThreadingModeNonThreaded
 preferred device: Apple M2 (high power)
Metal devices available: 1
0: Apple M2 (high power)
Using device Apple M2 (high power)
Initializing Metal device caps: Apple M2
Mac GPU Family: 2
Apple GPU Family: 8
MSL Version: 3.0
Has Float MSAA: 1
Has Float Filtering: 1
ReadWrite Texture Tier: 2
Initialize mono
Mono path[0] = '/Applications/Unity/Hub/Editor/6000.5.9f1/Unity.app/Contents/Resources/Scripting/Managed'
Mono path[1] = '/Applications/Unity/Hub/Editor/6000.5.9f1/Unity.app/Contents/Resources/Scripting/BCLExtensions/runtime/netstandard2.1'
Mono path[2] = '/Applications/Unity/Hub/Editor/6000.5.9f1/Unity.app/Contents/Resources/Scripting/MonoBleedingEdge/lib/mono/unityjit-macos'
Mono config path = '/Applications/Unity/Hub/Editor/6000.5.9f1/Unity.app/Contents/Resources/Scripting/MonoBleedingEdge/etc'
Using monoOptions --debugger-agent=transport=dt_socket,embedding=1,server=y,suspend=n,address=127.0.0.1:56146
CodeReloadManager initialized
ImportWorker Server TCP listen port: 0
AcceleratorClientConnectionCallback - disconnected - :0
Begin MonoManager ReloadAssembly
Registering precompiled unity dll's ...
Register platform support module: /Applications/Unity/Hub/Editor/6000.5.9f1/PlaybackEngines/MacStandaloneSupport/UnityEditor.OSXStandalone.Extensions.dll
Register platform support module: /Applications/Unity/Hub/Editor/6000.5.9f1/PlaybackEngines/AndroidPlayer/UnityEditor.Android.Extensions.dll
[Licensing::Client] Successfully resolved entitlement details
Register platform support module: /Applications/Unity/Hub/Editor/6000.5.9f1/PlaybackEngines/iOSSupport/UnityEditor.iOS.Extensions.dll
Registered in 0.001358 seconds.
[usbmuxd] Start listen thread
[usbmuxd] Listen thread started
[usbmuxd] Send listen message
Native extension for iOS target not found
Native extension for Android target not found
Native extension for OSXStandalone target not found
Package Manager log level set to [2]
ScheduleIndexationOnStartup MainProcess:False IndexOnStartup:True
Mono: successfully reloaded assembly
- Finished resetting the current domain, in  0.519 seconds
Domain Reload Profiling: 801ms
	BeginReloadAssembly (63ms)
		CreateAndSetChildDomain (13ms)
	RebuildCommonClasses (3ms)
	RebuildNativeTypeToScriptingClass (11ms)
	initialDomainReloadingComplete (30ms)
	LoadAllAssembliesAndSetupDomain (174ms)
		LoadAssemblies (50ms)
		AnalyzeDomain (131ms)
			TypeCache.Refresh (130ms)
				TypeCache.ScanAssembly (119ms)
	FinalizeReload (520ms)
		SetupLoadedEditorAssemblies (0ms)
			InitializePlatformSupportModulesInManaged (38ms)
			BeforeProcessingInitializeOnLoad (50ms)
			ProcessInitializeOnLoadAttributes (52ms)
			ProcessInitializeOnLoadMethodAttributes (336ms)
[Licensing::Client] Successfully resolved entitlement details
[Licensing::Client] Successfully resolved entitlement details
Application.AssetDatabase Initial Refresh Start
[Package Manager] Restoring resolved packages state from cache
[Licensing::Client] Successfully resolved entitlement details
[Package Manager] Registered 38 packages:
  Built-in packages:
    com.unity.multiplayer.center@1.0.1 (location: /Users/prashant/StudioProjects/EmberlineUnity/Library/PackageCache/com.unity.multiplayer.center@b860850997d0)
    com.unity.ugui@2.5.0 (location: /Users/prashant/StudioProjects/EmberlineUnity/Library/PackageCache/com.unity.ugui@1c4864518158)
    com.unity.modules.accessibility@1.0.0 (location: /Users/prashant/StudioProjects/EmberlineUnity/Library/PackageCache/com.unity.modules.accessibility)
    com.unity.modules.adaptiveperformance@1.0.0 (location: /Users/prashant/StudioProjects/EmberlineUnity/Library/PackageCache/com.unity.modules.adaptiveperformance)
    com.unity.modules.ai@1.0.0 (location: /Users/prashant/StudioProjects/EmberlineUnity/Library/PackageCache/com.unity.modules.ai)
    com.unity.modules.androidjni@1.0.0 (location: /Users/prashant/StudioProjects/EmberlineUnity/Library/PackageCache/com.unity.modules.androidjni)
    com.unity.modules.animation@1.0.0 (location: /Users/prashant/StudioProjects/EmberlineUnity/Library/PackageCache/com.unity.modules.animation)
    com.unity.modules.assetbundle@1.0.0 (location: /Users/prashant/StudioProjects/EmberlineUnity/Library/PackageCache/com.unity.modules.assetbundle)
    com.unity.modules.audio@1.0.0 (location: /Users/prashant/StudioProjects/EmberlineUnity/Library/PackageCache/com.unity.modules.audio)
    com.unity.modules.cloth@1.0.0 (location: /Users/prashant/StudioProjects/EmberlineUnity/Library/PackageCache/com.unity.modules.cloth)
    com.unity.modules.director@1.0.0 (location: /Users/prashant/StudioProjects/EmberlineUnity/Library/PackageCache/com.unity.modules.director)
    com.unity.modules.imageconversion@1.0.0 (location: /Users/prashant/StudioProjects/EmberlineUnity/Library/PackageCache/com.unity.modules.imageconversion)
    com.unity.modules.imgui@1.0.0 (location: /Users/prashant/StudioProjects/EmberlineUnity/Library/PackageCache/com.unity.modules.imgui)
    com.unity.modules.jsonserialize@1.0.0 (location: /Users/prashant/StudioProjects/EmberlineUnity/Library/PackageCache/com.unity.modules.jsonserialize)
    com.unity.modules.particlesystem@1.0.0 (location: /Users/prashant/StudioProjects/EmberlineUnity/Library/PackageCache/com.unity.modules.particlesystem)
    com.unity.modules.physics@1.0.0 (location: /Users/prashant/StudioProjects/EmberlineUnity/Library/PackageCache/com.unity.modules.physics)
    com.unity.modules.physics2d@1.0.0 (location: /Users/prashant/StudioProjects/EmberlineUnity/Library/PackageCache/com.unity.modules.physics2d)
    com.unity.modules.physicscore2d@1.0.0 (location: /Users/prashant/StudioProjects/EmberlineUnity/Library/PackageCache/com.unity.modules.physicscore2d)
    com.unity.modules.screencapture@1.0.0 (location: /Users/prashant/StudioProjects/EmberlineUnity/Library/PackageCache/com.unity.modules.screencapture)
    com.unity.modules.terrain@1.0.0 (location: /Users/prashant/StudioProjects/EmberlineUnity/Library/PackageCache/com.unity.modules.terrain)
    com.unity.modules.terrainphysics@1.0.0 (location: /Users/prashant/StudioProjects/EmberlineUnity/Library/PackageCache/com.unity.modules.terrainphysics)
    com.unity.modules.tilemap@1.0.0 (location: /Users/prashant/StudioProjects/EmberlineUnity/Library/PackageCache/com.unity.modules.tilemap)
    com.unity.modules.ui@1.0.0 (location: /Users/prashant/StudioProjects/EmberlineUnity/Library/PackageCache/com.unity.modules.ui)
    com.unity.modules.uielements@1.0.0 (location: /Users/prashant/StudioProjects/EmberlineUnity/Library/PackageCache/com.unity.modules.uielements)
    com.unity.modules.umbra@1.0.0 (location: /Users/prashant/StudioProjects/EmberlineUnity/Library/PackageCache/com.unity.modules.umbra)
    com.unity.modules.unityanalytics@1.0.0 (location: /Users/prashant/StudioProjects/EmberlineUnity/Library/PackageCache/com.unity.modules.unityanalytics)
    com.unity.modules.unitywebrequest@1.0.0 (location: /Users/prashant/StudioProjects/EmberlineUnity/Library/PackageCache/com.unity.modules.unitywebrequest)
    com.unity.modules.unitywebrequestassetbundle@1.0.0 (location: /Users/prashant/StudioProjects/EmberlineUnity/Library/PackageCache/com.unity.modules.unitywebrequestassetbundle)
    com.unity.modules.unitywebrequestaudio@1.0.0 (location: /Users/prashant/StudioProjects/EmberlineUnity/Library/PackageCache/com.unity.modules.unitywebrequestaudio)
    com.unity.modules.unitywebrequesttexture@1.0.0 (location: /Users/prashant/StudioProjects/EmberlineUnity/Library/PackageCache/com.unity.modules.unitywebrequesttexture)
    com.unity.modules.unitywebrequestwww@1.0.0 (location: /Users/prashant/StudioProjects/EmberlineUnity/Library/PackageCache/com.unity.modules.unitywebrequestwww)
    com.unity.modules.vectorgraphics@1.0.0 (location: /Users/prashant/StudioProjects/EmberlineUnity/Library/PackageCache/com.unity.modules.vectorgraphics)
    com.unity.modules.vehicles@1.0.0 (location: /Users/prashant/StudioProjects/EmberlineUnity/Library/PackageCache/com.unity.modules.vehicles)
    com.unity.modules.video@1.0.0 (location: /Users/prashant/StudioProjects/EmberlineUnity/Library/PackageCache/com.unity.modules.video)
    com.unity.modules.wind@1.0.0 (location: /Users/prashant/StudioProjects/EmberlineUnity/Library/PackageCache/com.unity.modules.wind)
    com.unity.modules.xr@1.0.0 (location: /Users/prashant/StudioProjects/EmberlineUnity/Library/PackageCache/com.unity.modules.xr)
    com.unity.modules.subsystems@1.0.0 (location: /Users/prashant/StudioProjects/EmberlineUnity/Library/PackageCache/com.unity.modules.subsystems)
    com.unity.modules.hierarchycore@1.0.0 (location: /Users/prashant/StudioProjects/EmberlineUnity/Library/PackageCache/com.unity.modules.hierarchycore)
[Subsystems] No new subsystems found in resolved package list.
[Package Manager] Done registering packages in 0.01 seconds
[ScriptCompilation] Requested script compilation because: AssetDatabase observed changes in script compilation related files
info: Microsoft.Hosting.Lifetime[14]
      Now listening on: http://unix:/tmp/ilpp.sock-375d2598709af96017e9099c0af4eabc
info: Microsoft.Hosting.Lifetime[0]
      Application started. Press Ctrl+C to shut down.
info: Microsoft.Hosting.Lifetime[0]
      Hosting environment: Production
info: Microsoft.Hosting.Lifetime[0]
      Content root path: /Users/prashant/StudioProjects/EmberlineUnity
info: Microsoft.AspNetCore.Hosting.Diagnostics[1]
      Request starting HTTP/2 POST http://ilpp/UnityILPP.PostProcessing/Ping - application/grpc -
info: Microsoft.AspNetCore.Routing.EndpointMiddleware[0]
      Executing endpoint 'gRPC - /UnityILPP.PostProcessing/Ping'
info: Microsoft.AspNetCore.Routing.EndpointMiddleware[1]
      Executed endpoint 'gRPC - /UnityILPP.PostProcessing/Ping'
info: Microsoft.AspNetCore.Hosting.Diagnostics[2]
      Request finished HTTP/2 POST http://ilpp/UnityILPP.PostProcessing/Ping - 200 - application/grpc 27.2865ms
Starting: /Applications/Unity/Hub/Editor/6000.5.9f1/Unity.app/Contents/Resources/BuildPipeline/bee_backend --ipc --defer-dag-verification --dagfile="Library/Bee/1300b0aE.dag" --continue-on-failure --profile="Library/Bee/backend1.traceevents" ScriptAssemblies
WorkingDir: /Users/prashant/StudioProjects/EmberlineUnity
DisplayProgressbar: Compiling Scripts
ExitCode: 4 Duration: 0s53ms
Rebuilding DAG because FileSignature timestamp changed: Library/Bee/1300b0aE-inputdata.json
*** Tundra requires additional run (0.04 seconds), 0 items updated, 255 evaluated
Starting: /Applications/Unity/Hub/Editor/6000.5.9f1/Unity.app/Contents/Resources/Scripting/netcorerun/netcorerun "/Applications/Unity/Hub/Editor/6000.5.9f1/Unity.app/Contents/Resources/BuildPipeline/ScriptCompilationBuildProgram.exe" "Library/Bee/1300b0aE.dag.json" "Library/Bee/1300b0aE-inputdata.json" "Library/Bee/buildprogram0.traceevents"
WorkingDir: /Users/prashant/StudioProjects/EmberlineUnity
ExitCode: 0 Duration: 0s483ms
Starting: /Applications/Unity/Hub/Editor/6000.5.9f1/Unity.app/Contents/Resources/BuildPipeline/bee_backend --ipc --defer-dag-verification --dagfile="Library/Bee/1300b0aE.dag" --continue-on-failure --dagfilejson="Library/Bee/1300b0aE.dag.json" --profile="Library/Bee/backend2.traceevents" ScriptAssemblies
WorkingDir: /Users/prashant/StudioProjects/EmberlineUnity
ExitCode: 0 Duration: 2s52ms
Finished compiling graph: 258 nodes, 2445 flattened edges (2309 ToBuild, 22 ToUse), maximum node priority 123
[202/255    0s] WriteText Library/Bee/artifacts/1300b0aE.dag/Assembly-CSharp-Editor.rsp
[252/255    1s] Csc Library/Bee/artifacts/1300b0aE.dag/Assembly-CSharp-Editor.dll (+2 others)
Assets/Editor/EmberlineBootstrap.cs(219,70): warning CS0618: 'FindObjectsSortMode' is obsolete: 'FindObjectsSortMode has been deprecated. Use the FindObjectsByType overloads that do not take a FindObjectsSortMode parameter.'
Assets/Editor/EmberlineBootstrap.cs(219,31): warning CS0618: 'Object.FindObjectsByType<T>(FindObjectsSortMode)' is obsolete: 'FindObjectsByType with FindObjectsSortMode parameter has been deprecated. Use FindObjectsByType<T>() or FindObjectsByType<T>(FindObjectsInactive) instead. InstanceID will be replaced in the future with EntityId and previous sort order cannot be maintained.'
Assets/Editor/EmberDuelIntegrity.cs(69,50): warning CS1717: Assignment made to same variable; did you mean to assign something else?
Assets/Editor/EmberMixamoExtract.cs(39,35): warning CS0618: 'ModelImporterMaterialLocation.External' is obsolete: 'External Material Location is no longer supported.'
Assets/Editor/EmberStorySnapshot.cs(20,23): warning CS0618: 'Object.FindFirstObjectByType<T>()' is obsolete: 'FindFirstObjectByType has been deprecated because it relies on instance ID ordering. Use FindAnyObjectByType instead, which does not depend on ordering.'
Assets/Editor/EmberStorySnapshot.cs(21,23): warning CS0618: 'Object.FindFirstObjectByType<T>()' is obsolete: 'FindFirstObjectByType has been deprecated because it relies on instance ID ordering. Use FindAnyObjectByType instead, which does not depend on ordering.'
Assets/Editor/EmberStorySnapshot.cs(23,115): warning CS0618: 'FindObjectsSortMode' is obsolete: 'FindObjectsSortMode has been deprecated. Use the FindObjectsByType overloads that do not take a FindObjectsSortMode parameter.'
Assets/Editor/EmberStorySnapshot.cs(23,78): warning CS0618: 'Object.FindObjectsByType<T>(FindObjectsSortMode)' is obsolete: 'FindObjectsByType with FindObjectsSortMode parameter has been deprecated. Use FindObjectsByType<T>() or FindObjectsByType<T>(FindObjectsInactive) instead. InstanceID will be replaced in the future with EntityId and previous sort order cannot be maintained.'
Assets/Editor/EmberZone.cs(62,69): warning CS0618: 'FindObjectsSortMode' is obsolete: 'FindObjectsSortMode has been deprecated. Use the FindObjectsByType overloads that do not take a FindObjectsSortMode parameter.'
Assets/Editor/EmberZone.cs(62,32): warning CS0618: 'Object.FindObjectsByType<T>(FindObjectsSortMode)' is obsolete: 'FindObjectsByType with FindObjectsSortMode parameter has been deprecated. Use FindObjectsByType<T>() or FindObjectsByType<T>(FindObjectsInactive) instead. InstanceID will be replaced in the future with EntityId and previous sort order cannot be maintained.'
[253/255    0s] CopyFiles Library/ScriptAssemblies/Assembly-CSharp-Editor.pdb
[254/255    0s] CopyFiles Library/ScriptAssemblies/Assembly-CSharp-Editor.dll
*** Tundra build success (2.03 seconds), 4 items updated, 255 evaluated
Assets/Editor/EmberlineBootstrap.cs(219,70): warning CS0618: 'FindObjectsSortMode' is obsolete: 'FindObjectsSortMode has been deprecated. Use the FindObjectsByType overloads that do not take a FindObjectsSortMode parameter.'
Assets/Editor/EmberlineBootstrap.cs(219,31): warning CS0618: 'Object.FindObjectsByType<T>(FindObjectsSortMode)' is obsolete: 'FindObjectsByType with FindObjectsSortMode parameter has been deprecated. Use FindObjectsByType<T>() or FindObjectsByType<T>(FindObjectsInactive) instead. InstanceID will be replaced in the future with EntityId and previous sort order cannot be maintained.'
Assets/Editor/EmberDuelIntegrity.cs(69,50): warning CS1717: Assignment made to same variable; did you mean to assign something else?
Assets/Editor/EmberMixamoExtract.cs(39,35): warning CS0618: 'ModelImporterMaterialLocation.External' is obsolete: 'External Material Location is no longer supported.'
Assets/Editor/EmberStorySnapshot.cs(20,23): warning CS0618: 'Object.FindFirstObjectByType<T>()' is obsolete: 'FindFirstObjectByType has been deprecated because it relies on instance ID ordering. Use FindAnyObjectByType instead, which does not depend on ordering.'
Assets/Editor/EmberStorySnapshot.cs(21,23): warning CS0618: 'Object.FindFirstObjectByType<T>()' is obsolete: 'FindFirstObjectByType has been deprecated because it relies on instance ID ordering. Use FindAnyObjectByType instead, which does not depend on ordering.'
Assets/Editor/EmberStorySnapshot.cs(23,115): warning CS0618: 'FindObjectsSortMode' is obsolete: 'FindObjectsSortMode has been deprecated. Use the FindObjectsByType overloads that do not take a FindObjectsSortMode parameter.'
Assets/Editor/EmberStorySnapshot.cs(23,78): warning CS0618: 'Object.FindObjectsByType<T>(FindObjectsSortMode)' is obsolete: 'FindObjectsByType with FindObjectsSortMode parameter has been deprecated. Use FindObjectsByType<T>() or FindObjectsByType<T>(FindObjectsInactive) instead. InstanceID will be replaced in the future with EntityId and previous sort order cannot be maintained.'
Assets/Editor/EmberZone.cs(62,69): warning CS0618: 'FindObjectsSortMode' is obsolete: 'FindObjectsSortMode has been deprecated. Use the FindObjectsByType overloads that do not take a FindObjectsSortMode parameter.'
Assets/Editor/EmberZone.cs(62,32): warning CS0618: 'Object.FindObjectsByType<T>(FindObjectsSortMode)' is obsolete: 'FindObjectsByType with FindObjectsSortMode parameter has been deprecated. Use FindObjectsByType<T>() or FindObjectsByType<T>(FindObjectsInactive) instead. InstanceID will be replaced in the future with EntityId and previous sort order cannot be maintained.'
AssetDatabase: script compilation time: 2.934981s
Begin MonoManager ReloadAssembly
Total cache size 267482784
Total cache size after purge 267482784, took 00:00:00.0862045
Native extension for iOS target not found
Native extension for Android target not found
Native extension for OSXStandalone target not found
﻿﻿﻿﻿﻿﻿﻿﻿﻿﻿﻿﻿Generated Firebase Android Resources file Assets/Plugins/Android/FirebaseApp.androidlib/res/values/google-services.xml from /Users/prashant/StudioProjects/EmberlineUnity/Assets/../Assets/google-services.json
	
Executed "python3" "/Users/prashant/StudioProjects/EmberlineUnity/Assets/Firebase/Editor/generate_xml_from_google_services_json.py" -i "/Users/prashant/StudioProjects/EmberlineUnity/Assets/../Assets/google-services.json" -o "/Users/prashant/StudioProjects/EmberlineUnity/Assets/../Assets/Plugins/Android/FirebaseApp.androidlib/res/values/google-services.xml" -p "com.ergebins.emberline3d"
UnityEngine.Debug:ExtractStackTraceNoAlloc (byte*,int,string)
UnityEngine.StackTraceUtility:ExtractStackTrace () (at /Users/bokken/build/output/unity/unity/Runtime/Export/Scripting/StackTrace.cs:35)
UnityEngine.DebugLogHandler:Internal_Log (UnityEngine.LogType,UnityEngine.LogOption,string,UnityEngine.Object)
UnityEngine.DebugLogHandler:LogFormat (UnityEngine.LogType,UnityEngine.Object,string,object[])
UnityEngine.Logger:Log (UnityEngine.LogType,object)
UnityEngine.Debug:Log (object)
Firebase.Editor.GenerateXmlFromGoogleServicesJson:RunResourceGenerator (System.Collections.Generic.IEnumerable`1<string>,string,bool) (at /Users/runner/work/firebase-unity-sdk/firebase-unity-sdk/editor/app/src/GenerateXmlFromGoogleServicesJson.cs:538)
Firebase.Editor.GenerateXmlFromGoogleServicesJson:GenerateXmlResources (string,bool) (at /Users/runner/work/firebase-unity-sdk/firebase-unity-sdk/editor/app/src/GenerateXmlFromGoogleServicesJson.cs:588)
Firebase.Editor.GenerateXmlFromGoogleServicesJson:UpdateJson (bool,Firebase.Editor.GenerateXmlFromGoogleServicesJson/LogMessage,Firebase.Editor.GenerateXmlFromGoogleServicesJson/LogMessage) (at /Users/runner/work/firebase-unity-sdk/firebase-unity-sdk/editor/app/src/GenerateXmlFromGoogleServicesJson.cs:165)
Firebase.Editor.GenerateXmlFromGoogleServicesJson:UpdateJsonWithBundleIdChooserDialog (string,bool) (at /Users/runner/work/firebase-unity-sdk/firebase-unity-sdk/editor/app/src/GenerateXmlFromGoogleServicesJson.cs:481)
Firebase.Editor.GenerateXmlFromGoogleServicesJson:CheckConfiguration () (at /Users/runner/work/firebase-unity-sdk/firebase-unity-sdk/editor/app/src/GenerateXmlFromGoogleServicesJson.cs:254)
Firebase.Editor.GenerateXmlFromGoogleServicesJson/<>c:<.cctor>b__15_1 () (at /Users/runner/work/firebase-unity-sdk/firebase-unity-sdk/editor/app/src/GenerateXmlFromGoogleServicesJson.cs:103)
Google.EditorInitializer/<>c__DisplayClass0_0:<InitializeOnMainThread>b__0 () (at /Users/amaurice/GitHub/unity-jar-resolver/source/VersionHandlerImpl/src/EditorInitializer.cs:60)
Google.RunOnMainThread:ExecutePollingJobs () (at /Users/amaurice/GitHub/unity-jar-resolver/source/VersionHandlerImpl/src/RunOnMainThread.cs:409)
Google.RunOnMainThread/<>c:<ExecuteAllUnnested>b__28_0 () (at /Users/amaurice/GitHub/unity-jar-resolver/source/VersionHandlerImpl/src/RunOnMainThread.cs:541)
Google.RunOnMainThread:RunAction (System.Action) (at /Users/amaurice/GitHub/unity-jar-resolver/source/VersionHandlerImpl/src/RunOnMainThread.cs:343)
Google.RunOnMainThread:ExecuteAllUnnested (bool) (at /Users/amaurice/GitHub/unity-jar-resolver/source/VersionHandlerImpl/src/RunOnMainThread.cs:530)
Google.RunOnMainThread/<>c:<PollOnUpdateUntilComplete>b__20_0 () (at /Users/amaurice/GitHub/unity-jar-resolver/source/VersionHandlerImpl/src/RunOnMainThread.cs:365)
Google.RunOnMainThread:RunAction (System.Action) (at /Users/amaurice/GitHub/unity-jar-resolver/source/VersionHandlerImpl/src/RunOnMainThread.cs:343)
Google.RunOnMainThread:PollOnUpdateUntilComplete (System.Func`1<bool>,bool) (at /Users/amaurice/GitHub/unity-jar-resolver/source/VersionHandlerImpl/src/RunOnMainThread.cs:363)
Google.EditorInitializer:InitializeOnMainThread (System.Func`1<bool>,System.Func`1<bool>,string,Google.Logger) (at /Users/amaurice/GitHub/unity-jar-resolver/source/VersionHandlerImpl/src/EditorInitializer.cs:48)
Firebase.Editor.GenerateXmlFromGoogleServicesJson:.cctor () (at /Users/runner/work/firebase-unity-sdk/firebase-unity-sdk/editor/app/src/GenerateXmlFromGoogleServicesJson.cs:98)
System.Runtime.CompilerServices.RuntimeHelpers:RunClassConstructor (System.RuntimeTypeHandle)
UnityEditor.EditorAssemblies:ProcessInitializeOnLoadAttributes (System.ReadOnlySpan`1<intptr>) (at /Users/bokken/build/output/unity/unity/Editor/Mono/EditorAssemblies.cs:155)

(Filename: /Users/runner/work/firebase-unity-sdk/firebase-unity-sdk/editor/app/src/GenerateXmlFromGoogleServicesJson.cs Line: 538)

ScheduleIndexationOnStartup MainProcess:True IndexOnStartup:True
Mono: successfully reloaded assembly
- Finished resetting the current domain, in  0.534 seconds
Domain Reload Profiling: 841ms
	BeginReloadAssembly (126ms)
		DisableScriptedObjects (15ms)
		CreateAndSetChildDomain (40ms)
	RebuildCommonClasses (5ms)
	RebuildNativeTypeToScriptingClass (11ms)
	initialDomainReloadingComplete (19ms)
	LoadAllAssembliesAndSetupDomain (145ms)
		LoadAssemblies (120ms)
		AnalyzeDomain (24ms)
			TypeCache.Refresh (18ms)
				TypeCache.ScanAssembly (12ms)
			BuildScriptInfoCaches (4ms)
	FinalizeReload (534ms)
		SetupLoadedEditorAssemblies (0ms)
			InitializePlatformSupportModulesInManaged (9ms)
			BeforeProcessingInitializeOnLoad (45ms)
			ProcessInitializeOnLoadAttributes (326ms)
			ProcessInitializeOnLoadMethodAttributes (41ms)
		AwakeInstancesAfterBackupRestoration (12ms)
Importing 'GUID: a4d9fa0c7e1d04d81a87de00e49cc3d9 - Path: Assets/Plugins/Android/gradleTemplate.properties' with importer (DefaultImporter)
Imported 'GUID: a4d9fa0c7e1d04d81a87de00e49cc3d9' -> (Import Result ID: '520d7de15e45c89bc04e495d61c5f09d') in 0.081 seconds [static dependencies only]. Details - ImportResultOutputID=7e1616428d33155d31ecba81009fc41e DependenciesID=de4b19f539fb713761d2a525f941d5d8 StaticDependenciesID=5ebbac2e04d63ae3e54dc1fedda1eb02 
Importing 'GUID: b65b8a53e3f5d403180649000facffdf - Path: Assets/Plugins/Android/settingsTemplate.gradle' with importer (DefaultImporter)
Imported 'GUID: b65b8a53e3f5d403180649000facffdf' -> (Import Result ID: '66723ae787c81a27cc46cc95023a0a53') in 0.026 seconds [static dependencies only]. Details - ImportResultOutputID=fab495efa8e4e21b52f5b76b0c8fac1c DependenciesID=1c6b113493ce5fc9cacb94aeed31d2b7 StaticDependenciesID=8bcb60b979ad44c4e946cc8d0161c769 
Importing 'GUID: 4a105c21b042c405582b1155e475daf0 - Path: Assets/Plugins/Android/mainTemplate.gradle' with importer (DefaultImporter)
Imported 'GUID: 4a105c21b042c405582b1155e475daf0' -> (Import Result ID: '74b26b14ac8b99f47d2123e79efa92ae') in 0.001 seconds [static dependencies only]. Details - ImportResultOutputID=8ad5303a3485f3ff739903063c577a4c DependenciesID=53434378c5463740b38641529e5ae0d1 StaticDependenciesID=edc63ad0c03c074e4d35723b2ab7b1e7 
Starting new worker id: 0 with log in /Users/prashant/StudioProjects/EmberlineUnity/Logs/AssetImportWorkerHW0.log

Asset Pipeline Refresh (id=a1deec8c82ab84b6284a9a39f89e0ad1): Total: 4.088 seconds - Initiated by InitialRefreshV2(ForceSynchronousImport)
	(Values over 0.05ms)
	Summary:
		Imports: total=3 (actual=3, local cache=0, cache server=0)
		Asset DB Process Time: managed=0 ms, native=782 ms
		Asset DB Callback time: managed=37 ms, native=10 ms
		Scripting: domain reloads=1, domain reload time=317 ms, compile time=2936 ms, other=3 ms
		Project Asset Count: scripts=330, non-scripts=1685
		Asset File Changes: new=1, changed=4, moved=0, deleted=0
		Scan Filter Count: 1
	InvokePackagesCallback: 8.770ms
	ApplyChangesToAssetFolders: 0.162ms
	Scan: 74.788ms
	Collect global state as custom dependencies: 3.368ms
	OnSourceAssetsModified: 0.311ms
	CategorizeScriptCompilationAssets: 4.270ms
	ProcessAssetsWithTransientArtifactChanges: 7.291ms
	CategorizeAssets: 9.073ms
	CompileScripts: 2935.620ms
	ImportOutOfDateAssets: 657.741ms (537.896ms without children)
		ImportManagerImport: 110.284ms (0.573ms without children)
		UnloadImportedAssets: 0.300ms
		EnsureUptoDateAssetsAreRegisteredWithGuidPM: 0.181ms
		ImportSchedulerStart: 9.074ms
	PostProcessAllAssets: 38.147ms
		VCAutoAddAssetPostprocess 0.585ms
		XRBuildSystem.XRAssetImported 0.076ms
		MonoPostProcessAllAssets: 37.246ms
			AssetPostprocessor.OnPostprocessAllAssets 11.343ms
			StyleCatalogPostProcessor.OnPostprocessAllAssets 5.582ms
			BuilderAssetPostprocessor.OnPostprocessAllAssets 4.246ms
			WindowAssetPostprocessingWatcher.OnPostprocessAllAssets 3.886ms
			AssetChangedListener.OnPostprocessAllAssets 0.974ms
			VersionHandlerImpl.OnPostprocessAllAssets 0.881ms
			SyncVS.PostprocessSyncProject 0.705ms
			RetainedModeAssetPostprocessor.OnPostprocessAllAssets 0.684ms
			PackageManagerResolver.OnPostprocessAllAssets 0.648ms
			EditModeScopePostprocessor.OnPostprocessAllAssets 0.498ms
			AudioMixerPostprocessor.OnPostprocessAllAssets 0.471ms
			SpeedTree9Postprocessor.OnPostprocessAllAssets 0.418ms
			PlayServicesResolver.OnPostprocessAllAssets 0.388ms
			ArtifactBrowserPostProcessor.OnPostprocessAllAssets 0.330ms
			TextAssetPostProcessor.OnPostprocessAllAssets 0.316ms
			ReferencedClipsPostProcessor.OnPostprocessAllAssets 0.165ms
			IOSResolver.OnPostprocessAllAssets 0.144ms
			TMPro_TexturePostProcessor.OnPostprocessAllAssets 0.135ms
			AssetEvents.OnPostprocessAllAssets 0.130ms
			GenerateXmlFromGoogleServicesJson.OnPostprocessAllAssets 0.127ms
			TerrainToolbarOverlayPostProcessor.OnPostprocessAllAssets 0.120ms
			XcodeProjectPatcher.OnPostprocessAllAssets 0.083ms
			AssetDatabaseCallbacks.OnPostprocessAllAssets 0.080ms
			SpeedTreePostProcessor.OnPostprocessAllAssets 0.076ms
			ConfigAssetsTracker.OnPostprocessAllAssets 0.059ms
			ScenarioDriftAssetsTracker.OnPostprocessAllAssets 0.056ms
	PostAssetChangesProfiler: 1.312ms
	UnloadStreamsBegin: 0.877ms
	PersistCurrentRevisions: 0.089ms
	GenerateScriptTypeHashes: 0.202ms
	GenerateScriptTypeSerializationHashes: 0.383ms
	Untracked: 345.045ms

Application.AssetDatabase Initial Refresh End
Launching external process: /Applications/Unity/Hub/Editor/6000.5.9f1/Unity.app/Contents/Helpers/UnityShaderCompiler
Launched and connected shader compiler UnityShaderCompiler after 0.06 seconds
Scanning for USB devices : 0.118ms
Initializing Unity extensions:
[MODES] ModeService[none].Initialize
[MODES] ModeService[none].LoadModes
[MODES] Loading mode Default (0) for mode-current-id-Emberline
2026-09-11 17:54:13.336 Unity[24146:779091] NSEventModifierFlagFunction specified to -setKeyEquivalentModifierMask: for item <NSMenuItem: 0x60000131efb0 SDF, ke='Command-F12'>, but is only supported for system-provided menu items; will not be used
Unloading 25 Unused Serialized files (Serialized files now loaded: 0)
Unloading 710 unused Assets / (2.0 MB). Loaded Objects now: 1442.
Memory consumption went from 152.1 MB to 150.2 MB.
Total: 5.882042 ms (FindLiveObjects: 0.074667 ms CreateObjectMapping: 0.089125 ms MarkObjects: 4.775625 ms  DeleteObjects: 0.942042 ms)

2026-09-11 17:54:13.372 Unity[24146:779091] NSEventModifierFlagFunction specified to -setKeyEquivalentModifierMask: for item <NSMenuItem: 0x60000131fb80 SDF, ke='Command-F12'>, but is only supported for system-provided menu items; will not be used
Batchmode quit successfully invoked - shutting down!
Killing ADB server in 0.044671 seconds.
Thread 0x311587000 may have been prematurely finalized
Input System module state changed to: ShutdownInProgress.
Input Polling Thread exited.
Input System module state changed to: Shutdown.
Shutting down MSBuild server...
Shutting down VB/C# compiler server...
[Physics::Module] Cleanup current backend.
[Physics::Module] Id: 0xf2b8ea05
[Licensing::IpcConnector] LicenseClient-prashant-notifications channel disconnected successfully.
[Licensing::IpcConnector] LicenseClient-prashant channel disconnected successfully.
Thread 0x17b7d3000 may have been prematurely finalized
AcceleratorClientConnectionCallback - disconnected - :0
Thread 0x17f707000 may have been prematurely finalized
info: Microsoft.Hosting.Lifetime[0]
      Application is shutting down...
Cleanup mono
CodeReloadManager destroyed
debugger-agent: Unable to listen on 44
[usbmuxd] Stop listen thread
[usbmuxd] Error: 
[usbmuxd] Listen thread exiting
Exiting batchmode successfully now!
[Package Manager] Server process was shutdown
VB/C# compiler server shut down successfully.
MSBuild server shut down successfully.
